py : Traceback (most recent call last):
At line:1 char:1
+ py quick_test.py > test_output.txt 2>&1
+ ~~~~~~~~~~~~~~~~~~~~~~~~~~~~~~~~~~~~~~~
    + CategoryInfo          : NotSpecified: (Traceback (most recent call last)::String) [], RemoteException
    + FullyQualifiedErrorId : NativeCommandError
 
  File "C:\GitRepositories\pokerplayer\quick_test.py", line 12, in <module>
    result = classify_hand_strength_enhanced(
        hand_strength="one pair",
        win_probability=0.42,
        hand_description="pair of nines"
    )
TypeError: classify_hand_strength_enhanced() got an unexpected keyword argument 'hand_strength'
Starting test...
Import successful
Error: classify_hand_strength_enhanced() got an unexpected keyword argument 'hand_strength'
Test complete
